[backblue.gif]
[fade.gif]
[index.html]
[comicbookreadingorders.com/wp-content/uploads/banner.jpg]
[comicbookreadingorders.com/feed/index.html]
[comicbookreadingorders.com/comments/feed/index.html]
[comicbookreadingorders.com/wp-content/themes/pro/cornerstone/assets/fonts/fa-solid-900d5a8.woff2]
[comicbookreadingorders.com/wp-content/themes/pro/cornerstone/assets/fonts/fa-regular-400d5a8.woff2]
[comicbookreadingorders.com/wp-content/themes/pro/cornerstone/assets/fonts/fa-light-300d5a8.woff2]
[comicbookreadingorders.com/wp-content/themes/pro/cornerstone/assets/fonts/fa-brands-400d5a8.woff2]
[comicbookreadingorders.com/wp-content/plugins/patron-plugin-pro/plugin/lib/patreon-connect/assets/fonts/librefranklin-extrabold-webfont.woff2]
[comicbookreadingorders.com/wp-content/plugins/patron-plugin-pro/plugin/lib/patreon-connect/assets/fonts/librefranklin-extrabold-webfont.woff]
[comicbookreadingorders.com/wp-content/uploads/banner-300x46.jpg]
[comicbookreadingorders.com/wp-content/uploads/banner-768x117.jpg]
[comicbookreadingorders.com/wp-content/uploads/banner-100x15.jpg]
[comicbookreadingorders.com/index.html]
[comicbookreadingorders.com/wp-content/plugins/patron-plugin-pro/plugin/lib/patreon-connect/assets/css/app7b47.css]
[comicbookreadingorders.com/wp-content/themes/pro/framework/img/global/btn-circle-top-small.png]
[comicbookreadingorders.com/wp-content/themes/pro/framework/img/global/btn-circle-bottom-small.png]
[comicbookreadingorders.com/wp-content/themes/pro/framework/img/global/ilightbox-preloader-light.gif]
[comicbookreadingorders.com/wp-content/themes/pro/framework/img/global/ilightbox-thumb-overlay-play-light.png]
[comicbookreadingorders.com/wp-content/themes/pro/framework/dist/css/site/stacks/integrity-lightb34e.css]
[comicbookreadingorders.com/wp-content/themes/pro-child/styleb34e.css]
[comicbookreadingorders.com/wp-content/plugins/patron-plugin-pro/plugin/lib/patron-button-and-widgets-by-codebard/plugin/templates/default/style4d6f.css]
[comicbookreadingorders.com/wp-content/plugins/patron-plugin-pro/plugin/templates/default/style1c12.css]
[comicbookreadingorders.com/wp-includes/js/jquery/jquery.minf43b.js]
[comicbookreadingorders.com/wp-includes/js/jquery/jquery-migrate.min5589.js]
[comicbookreadingorders.com/wp-content/uploads/cbro.circle.01.svg]
[comicbookreadingorders.com/wp-content/uploads/main.header.svg]
[comicbookreadingorders.com/marvel/index.html]
[comicbookreadingorders.com/marvel/events/index.html]
[comicbookreadingorders.com/marvel/characters/index.html]
[comicbookreadingorders.com/marvel/marvel-master-reading-order/index.html]
[comicbookreadingorders.com/dc/index.html]
[comicbookreadingorders.com/dc/events/index.html]
[comicbookreadingorders.com/dc/characters/index.html]
[comicbookreadingorders.com/dc/dc-master-reading-order/index.html]
[comicbookreadingorders.com/other/index.html]
[comicbookreadingorders.com/updates/index.html]
[comicbookreadingorders.com/faq/index.html]
[comicbookreadingorders.com/contact/index.html]
[comicbookreadingorders.com/marvel/characters/alpha-flight-reading-order/index.html]
[comicbookreadingorders.com/dc/characters/darkseid-reading-order/index.html]
[comicbookreadingorders.com/marvel/characters/the-maker-reading-order/index.html]
[comicbookreadingorders.com/dc/characters/huntress-reading-order/index.html]
[comicbookreadingorders.com/dc/characters/onomatopoeia-reading-order/index.html]
[comicbookreadingorders.com/marvel/characters/the-hood-reading-order/index.html]
[comicbookreadingorders.com/marvel/characters/ironheart-reading-order/index.html]
[comicbookreadingorders.com/wp-content/themes/pro/cornerstone/assets/js/site/cs-classic.7.9.4ebbe.js]
[comicbookreadingorders.com/wp-includes/js/dist/hooks.min4ce2.js]
[comicbookreadingorders.com/wp-includes/js/dist/i18n.min99af.js]
[comicbookreadingorders.com/wp-content/plugins/contact-form-7/includes/swv/js/index36b6.js]
[comicbookreadingorders.com/wp-content/plugins/contact-form-7/includes/js/index36b6.js]
[comicbookreadingorders.com/wp-content/plugins/patron-plugin-pro/plugin/lib/patreon-connect/assets/js/app4d6f.js]
[comicbookreadingorders.com/wp-content/themes/pro/framework/dist/js/site/xb34e.js]
[comicbookreadingorders.com/wp-includes/js/comment-reply.min4d6f.js]
[comicbookreadingorders.com/wp-content/themes/pro/framework/dist/js/site/stackb34e.js]
[comicbookreadingorders.com/wp-includes/js/dist/vendor/wp-polyfill.min2c7c.js]
[comicbookreadingorders.com/wp-content/uploads/cbro.circle.site.html]
[comicbookreadingorders.com/marvel/event-timeline/index.html]
[comicbookreadingorders.com/marvel/marvel-master-reading-order-part-7/index.html]
[comicbookreadingorders.com/marvel/events/marvel-now-reading-order/index.html]
[comicbookreadingorders.com/marvel/events/avengers-vs-x-men-reading-order/index.html]
[comicbookreadingorders.com/marvel/events/all-new-all-different-marvel-reading-order/index.html]
[comicbookreadingorders.com/marvel/events/jonathan-hickmans-marvel-2009-2015-reading-order/index.html]
[comicbookreadingorders.com/marvel/events/secret-wars-2015-reading-order/index.html]
[comicbookreadingorders.com/marvel/events/ultimate-marvel-reading-order/index.html]
[comicbookreadingorders.com/marvel/events/marvel-2099-reading-order/index.html]
[comicbookreadingorders.com/marvel/events/mc2-reading-order/index.html]
[comicbookreadingorders.com/marvel/events/earth-x-reading-order/index.html]
[comicbookreadingorders.com/marvel/events/marvel-zombies-reading-order/index.html]
[comicbookreadingorders.com/marvel/events/2099-reading-order/index.html]
[comicbookreadingorders.com/marvel/events/a-x-e-judgment-day-reading-order/index.html]
[comicbookreadingorders.com/marvel/events/a-fresh-start-reading-order/index.html]
[comicbookreadingorders.com/marvel/events/absolute-carnage-reading-order/index.html]
[comicbookreadingorders.com/marvel/events/acts-of-vengeance-reading-order/index.html]
[comicbookreadingorders.com/marvel/events/age-of-apocalypse-reading-order/index.html]
[comicbookreadingorders.com/marvel/events/age-of-ultron-reading-order/index.html]
[comicbookreadingorders.com/marvel/events/age-of-x-reading-order/index.html]
[comicbookreadingorders.com/marvel/events/age-of-x-man-reading-order/index.html]
[comicbookreadingorders.com/marvel/events/annihilation-reading-order/index.html]
[comicbookreadingorders.com/marvel/events/annihilation-conquest-reading-order/index.html]
[comicbookreadingorders.com/marvel/events/annihilation-scourge-reading-order/index.html]
[comicbookreadingorders.com/marvel/events/apocalypse-the-twelve-reading-order/index.html]
[comicbookreadingorders.com/marvel/events/apocalypse-wars-reading-order/index.html]
[comicbookreadingorders.com/marvel/events/atlantis-attacks-reading-order/index.html]
[comicbookreadingorders.com/marvel/events/avengers-assemble-reading-order/index.html]
[comicbookreadingorders.com/marvel/events/avengers-defenders-war-reading-order/index.html]
[comicbookreadingorders.com/marvel/events/avengers-disassembled-reading-order/index.html]
[comicbookreadingorders.com/marvel/events/avengers-standoff-reading-order/index.html]
[comicbookreadingorders.com/marvel/events/avengers-x-men-axis-reading-order/index.html]
[comicbookreadingorders.com/marvel/events/battle-of-the-atom-reading-order/index.html]
[comicbookreadingorders.com/marvel/events/black-vortex-reading-order/index.html]
[comicbookreadingorders.com/marvel/events/blood-hunt-reading-order/index.html]
[comicbookreadingorders.com/marvel/events/blood-and-thunder-reading-order/index.html]
[comicbookreadingorders.com/marvel/events/bloodties-reading-order/index.html]
[comicbookreadingorders.com/marvel/events/chaos-war-reading-order/index.html]
[comicbookreadingorders.com/marvel/events/childs-play-reading-order/index.html]
[comicbookreadingorders.com/marvel/events/civil-war-reading-order/index.html]
[comicbookreadingorders.com/marvel/events/civil-war-ii-reading-order/index.html]
[comicbookreadingorders.com/marvel/events/cosmic-marvel-reading-order/index.html]
[comicbookreadingorders.com/marvel/events/countdown-reading-order/index.html]
[comicbookreadingorders.com/marvel/events/curse-of-the-mutants-reading-order/index.html]
[comicbookreadingorders.com/marvel/events/damnation-reading-order/index.html]
[comicbookreadingorders.com/marvel/events/dark-reign-reading-order/index.html]
[comicbookreadingorders.com/marvel/events/dark-web-reading-order/index.html]
[comicbookreadingorders.com/marvel/events/days-of-future-present-reading-order/index.html]
[comicbookreadingorders.com/marvel/events/dead-mans-hand-reading-order/index.html]
[comicbookreadingorders.com/marvel/events/dead-no-more-clone-conspiracy-reading-order/index.html]
[comicbookreadingorders.com/marvel/events/death-of-doctor-strange-reading-order/index.html]
[comicbookreadingorders.com/marvel/events/death-of-wolverine-reading-order/index.html]
[comicbookreadingorders.com/marvel/events/decimation-reading-order/index.html]
[comicbookreadingorders.com/marvel/events/devils-reign-reading-order/index.html]
[comicbookreadingorders.com/marvel/events/eighth-day-reading-order/index.html]
[comicbookreadingorders.com/marvel/events/empyre-reading-order/index.html]
[comicbookreadingorders.com/marvel/events/eve-of-destruction-reading-order/index.html]
[comicbookreadingorders.com/marvel/events/evolutionary-war-reading-order/index.html]
[comicbookreadingorders.com/marvel/events/fall-of-the-hulks-reading-order/index.html]
[comicbookreadingorders.com/marvel/events/fall-of-the-mutants-reading-order/index.html]
[comicbookreadingorders.com/marvel/events/fatal-attractions-reading-order/index.html]
[comicbookreadingorders.com/marvel/events/fear-itself-reading-order/index.html]
[comicbookreadingorders.com/marvel/events/for-love-nor-money-reading-order/index.html]
[comicbookreadingorders.com/marvel/events/gang-war-reading-order/index.html]
[comicbookreadingorders.com/marvel/events/goblin-nation-reading-order/index.html]
[comicbookreadingorders.com/marvel/events/hellfire-gala-reading-order/index.html]
[comicbookreadingorders.com/marvel/events/heroes-reborn-reading-order/index.html]
[comicbookreadingorders.com/marvel/events/heroes-reborn-2021-reading-order/index.html]
[comicbookreadingorders.com/marvel/events/heroic-age-reading-order/index.html]
[comicbookreadingorders.com/marvel/events/house-of-m-reading-order/index.html]
[comicbookreadingorders.com/marvel/events/hunt-for-xavier-reading-order/index.html]
[comicbookreadingorders.com/marvel/events/imperial-reading-order/index.html]
[comicbookreadingorders.com/marvel/events/inferno-reading-order/index.html]
[comicbookreadingorders.com/marvel/events/infinity-reading-order/index.html]
[comicbookreadingorders.com/marvel/events/infinity-countdown-reading-order/index.html]
[comicbookreadingorders.com/marvel/events/infinity-crusade-reading-order/index.html]
[comicbookreadingorders.com/marvel/events/infinity-gauntlet-reading-order/index.html]
[comicbookreadingorders.com/marvel/events/infinity-war-reading-order/index.html]
[comicbookreadingorders.com/marvel/events/infinity-wars-reading-order/index.html]
[comicbookreadingorders.com/marvel/events/inhumanity-reading-order/index.html]
[comicbookreadingorders.com/marvel/events/inhumans-vs-x-men-reading-order/index.html]
[comicbookreadingorders.com/marvel/events/the-initiative-reading-order/index.html]
[comicbookreadingorders.com/marvel/events/iron-man-2020/index.html]
[comicbookreadingorders.com/marvel/events/king-in-black-reading-order/index.html]
[comicbookreadingorders.com/marvel/events/kravens-last-hunt-reading-order/index.html]
[comicbookreadingorders.com/marvel/events/last-annihilation-reading-order/index.html]
[comicbookreadingorders.com/marvel/events/magneto-war-reading-order/index.html]
[comicbookreadingorders.com/marvel/events/marvel-1602-reading-order/index.html]
[comicbookreadingorders.com/marvel/events/marvel-legacy-reading-order/index.html]
[comicbookreadingorders.com/marvel/events/maximum-carnage-reading-order/index.html]
[comicbookreadingorders.com/marvel/events/maximum-security-reading-order/index.html]
[comicbookreadingorders.com/marvel/events/messiah-war-reading-order/index.html]
[comicbookreadingorders.com/marvel/events/midnight-massacre-reading-order/index.html]
[comicbookreadingorders.com/marvel/events/minimum-carnage-reading-order/index.html]
[comicbookreadingorders.com/marvel/events/monsters-unleashed-reading-order/index.html]
[comicbookreadingorders.com/marvel/events/muir-island-saga-reading-order/index.html]
[comicbookreadingorders.com/marvel/events/mutant-massacre-reading-order/index.html]
[comicbookreadingorders.com/marvel/events/necrosha-reading-order/index.html]
[comicbookreadingorders.com/marvel/events/onslaught-saga-reading-order/index.html]
[comicbookreadingorders.com/marvel/events/operation-galactic-storm-reading-order/index.html]
[comicbookreadingorders.com/marvel/events/operation-zero-tolerance-reading-order/index.html]
[comicbookreadingorders.com/marvel/events/original-sin-reading-order/index.html]
[comicbookreadingorders.com/marvel/events/over-the-edge-reading-order/index.html]
[comicbookreadingorders.com/marvel/events/phalanx-covenant-reading-order/index.html]
[comicbookreadingorders.com/marvel/events/planet-hulk-reading-order/index.html]
[comicbookreadingorders.com/marvel/events/realm-of-kings-reading-order/index.html]
[comicbookreadingorders.com/marvel/events/revolutionary-war-reading-order/index.html]
[comicbookreadingorders.com/marvel/events/rise-of-the-midnight-sons-reading-order/index.html]
[comicbookreadingorders.com/marvel/events/road-to-vengeance-missing-link-reading-order/index.html]
[comicbookreadingorders.com/marvel/events/second-clone-saga-reading-order/index.html]
[comicbookreadingorders.com/marvel/events/secret-empire-reading-order/index.html]
[comicbookreadingorders.com/marvel/events/secret-invasion-reading-order/index.html]
[comicbookreadingorders.com/marvel/events/secret-wars-ii-reading-order/index.html]
[comicbookreadingorders.com/marvel/events/shadowland-reading-order/index.html]
[comicbookreadingorders.com/marvel/events/shattered-heroes-reading-order/index.html]
[comicbookreadingorders.com/marvel/events/siege-reading-order/index.html]
[comicbookreadingorders.com/marvel/events/siege-of-darkness-reading-order/index.html]
[comicbookreadingorders.com/marvel/events/sins-of-sinister-reading-order/index.html]
[comicbookreadingorders.com/marvel/events/spider-geddon-reading-order/index.html]
[comicbookreadingorders.com/marvel/events/spider-island-reading-order/index.html]
[comicbookreadingorders.com/marvel/events/spider-man-identity-crisis-reading-order/index.html]
[comicbookreadingorders.com/marvel/events/spider-man-the-other-reading-order/index.html]
[comicbookreadingorders.com/marvel/events/spider-verse-reading-order/index.html]
[comicbookreadingorders.com/marvel/events/spider-women-reading-order/index.html]
[comicbookreadingorders.com/marvel/events/thanos-imperative-reading-order/index.html]
[comicbookreadingorders.com/marvel/events/thanos-war-reading-order/index.html]
[comicbookreadingorders.com/marvel/events/time-and-time-again-reading-order/index.html]
[comicbookreadingorders.com/marvel/events/trial-of-jean-grey-reading-order/index.html]
[comicbookreadingorders.com/marvel/events/ultimate-universe-reading-order/index.html]
[comicbookreadingorders.com/marvel/events/utopia-reading-order/index.html]
[comicbookreadingorders.com/marvel/events/venom-inc-reading-order/index.html]
[comicbookreadingorders.com/marvel/events/venom-war-reading-order/index.html]
[comicbookreadingorders.com/marvel/events/venomverse-reading-order/index.html]
[comicbookreadingorders.com/marvel/events/war-of-kings-reading-order/index.html]
[comicbookreadingorders.com/marvel/events/war-of-the-realms-reading-order/index.html]
[comicbookreadingorders.com/marvel/events/wolverine-goes-to-hell-reading-order/index.html]
[comicbookreadingorders.com/other/feed/index.html]
[comicbookreadingorders.com/marvel/events/world-war-hulk-reading-order/index.html]
[comicbookreadingorders.com/marvel/events/world-war-hulks-reading-order/index.html]
[comicbookreadingorders.com/marvel/events/wraith-war-reading-order/index.html]
[comicbookreadingorders.com/marvel/events/x-of-swords-reading-order/index.html]
[comicbookreadingorders.com/marvel/events/x-cutioners-song-reading-order/index.html]
[comicbookreadingorders.com/marvel/events/x-men-age-of-revelation-reading-order/index.html]
[comicbookreadingorders.com/marvel/events/x-men-divided-we-stand-reading-order/index.html]
[comicbookreadingorders.com/marvel/events/x-men-endangered-species-reading-order/index.html]
[comicbookreadingorders.com/marvel/characters/x-men-krakoa-era-reading-order/index.html]
[comicbookreadingorders.com/marvel/events/x-men-manifest-destiny-reading-order/index.html]
[comicbookreadingorders.com/marvel/events/x-men-messiah-complex-reading-order/index.html]
[comicbookreadingorders.com/marvel/events/x-men-nation-x-reading-order/index.html]
[comicbookreadingorders.com/marvel/events/x-men-original-sin-reading-order/index.html]
[comicbookreadingorders.com/marvel/events/x-men-regenesis-reading-order/index.html]
[comicbookreadingorders.com/marvel/events/x-men-schism-reading-order/index.html]
[comicbookreadingorders.com/marvel/events/x-men-second-coming-reading-order/index.html]
[comicbookreadingorders.com/marvel/events/x-termination-reading-order/index.html]
[comicbookreadingorders.com/marvel/events/x-tinction-agenda-reading-order/index.html]
[comicbookreadingorders.com/marvel/characters/abomination-reading-order/index.html]
[comicbookreadingorders.com/marvel/characters/adam-warlock-reading-order/index.html]
[comicbookreadingorders.com/marvel/characters/agatha-harkness-reading-order/index.html]
[comicbookreadingorders.com/marvel/characters/agents-of-atlas-reading-order/index.html]
[comicbookreadingorders.com/marvel/characters/anya-corazon-reading-order/index.html]
[comicbookreadingorders.com/marvel/characters/apocalypse-reading-order/index.html]
[comicbookreadingorders.com/marvel/characters/arcade-reading-order/index.html]
[comicbookreadingorders.com/marvel/characters/avengers-reading-order/index.html]
[comicbookreadingorders.com/marvel/characters/baron-zemo-reading-order/index.html]
[comicbookreadingorders.com/marvel/characters/beta-ray-bill-reading-order/index.html]
[comicbookreadingorders.com/marvel/characters/black-bolt-reading-order/index.html]
[comicbookreadingorders.com/marvel/characters/black-cat-reading-order/index.html]
[comicbookreadingorders.com/marvel/characters/black-panther-reading-order/index.html]
[comicbookreadingorders.com/marvel/characters/black-widow-reading-order/index.html]
[comicbookreadingorders.com/marvel/characters/blade-reading-order/index.html]
[comicbookreadingorders.com/marvel/characters/blink-reading-order/index.html]
[comicbookreadingorders.com/marvel/characters/bullseye-reading-order/index.html]
[comicbookreadingorders.com/marvel/characters/cable-reading-order/index.html]
[comicbookreadingorders.com/marvel/characters/captain-america-reading-order/index.html]
[comicbookreadingorders.com/marvel/characters/captain-britain-reading-order/index.html]
[comicbookreadingorders.com/marvel/characters/carnage-reading-order/index.html]
[comicbookreadingorders.com/marvel/characters/carol-danvers-reading-order/index.html]
[comicbookreadingorders.com/marvel/characters/cloak-and-dagger-reading-order/index.html]
[comicbookreadingorders.com/marvel/characters/cyclops-reading-order/index.html]
[comicbookreadingorders.com/marvel/characters/daisy-johnson-reading-order/index.html]
[comicbookreadingorders.com/marvel/characters/daken-reading-order/index.html]
[comicbookreadingorders.com/marvel/characters/daredevil-reading-order/index.html]
[comicbookreadingorders.com/marvel/characters/deadpool-reading-order/index.html]
[comicbookreadingorders.com/marvel/characters/defenders-reading-order/index.html]
[comicbookreadingorders.com/marvel/characters/doctor-doom-reading-order/index.html]
[comicbookreadingorders.com/marvel/characters/doctor-octopus-reading-order/index.html]
[comicbookreadingorders.com/marvel/characters/doctor-strange-reading-order/index.html]
[comicbookreadingorders.com/marvel/characters/domino-reading-order/index.html]
[comicbookreadingorders.com/marvel/characters/doop-reading-order/index.html]
[comicbookreadingorders.com/marvel/characters/dormammu-reading-order/index.html]
[comicbookreadingorders.com/marvel/characters/echo-reading-order/index.html]
[comicbookreadingorders.com/marvel/characters/ego-the-living-planet-reading-order/index.html]
[comicbookreadingorders.com/marvel/characters/elektra-reading-order/index.html]
[comicbookreadingorders.com/marvel/characters/elsa-bloodstone-reading-order/index.html]
[comicbookreadingorders.com/marvel/characters/eternals-reading-order/index.html]
[comicbookreadingorders.com/marvel/characters/fantastic-four-reading-order/index.html]
[comicbookreadingorders.com/marvel/characters/galactus-reading-order/index.html]
[comicbookreadingorders.com/marvel/characters/gambit-reading-order/index.html]
[comicbookreadingorders.com/marvel/characters/ghost-rider-reading-order/index.html]
[comicbookreadingorders.com/marvel/characters/green-goblin-reading-order/index.html]
[comicbookreadingorders.com/marvel/characters/guardians-of-the-galaxy-1969-reading-order/index.html]
[comicbookreadingorders.com/marvel/characters/guardians-of-the-galaxy-reading-order/index.html]
[comicbookreadingorders.com/marvel/characters/hawkeye-reading-order/index.html]
[comicbookreadingorders.com/marvel/characters/hela-reading-order/index.html]
[comicbookreadingorders.com/marvel/characters/hercules-reading-order/index.html]
[comicbookreadingorders.com/marvel/characters/high-evolutionary-reading-order/index.html]
[comicbookreadingorders.com/marvel/characters/hobgoblin-reading-order/index.html]
[comicbookreadingorders.com/marvel/characters/hope-summers-reading-order/index.html]
[comicbookreadingorders.com/marvel/characters/howard-the-duck-reading-order/index.html]
[comicbookreadingorders.com/marvel/characters/hulk-reading-order/index.html]
[comicbookreadingorders.com/marvel/characters/inhumans-reading-order/index.html]
[comicbookreadingorders.com/marvel/characters/iron-fist-reading-order/index.html]
[comicbookreadingorders.com/marvel/characters/iron-man-reading-order/index.html]
[comicbookreadingorders.com/marvel/characters/jean-grey-reading-order/index.html]
[comicbookreadingorders.com/marvel/characters/jeff-the-land-shark-reading-order/index.html]
[comicbookreadingorders.com/marvel/characters/jessica-jones-reading-order/index.html]
[comicbookreadingorders.com/marvel/characters/juggernaut-reading-order/index.html]
[comicbookreadingorders.com/marvel/characters/kamala-khan-reading-order/index.html]
[comicbookreadingorders.com/marvel/characters/kang-the-conqueror-reading-order/index.html]
[comicbookreadingorders.com/marvel/characters/kingpin-reading-order/index.html]
[comicbookreadingorders.com/marvel/characters/kitty-pryde-reading-order/index.html]
[comicbookreadingorders.com/marvel/characters/kraven-the-hunter-reading-order/index.html]
[comicbookreadingorders.com/marvel/characters/the-leader-reading-order/index.html]
[comicbookreadingorders.com/marvel/characters/legion-reading-order/index.html]
[comicbookreadingorders.com/marvel/characters/loki-reading-order/index.html]
[comicbookreadingorders.com/marvel/characters/luke-cage-reading-order/index.html]
[comicbookreadingorders.com/marvel/characters/m-o-d-o-k-reading-order/index.html]
[comicbookreadingorders.com/marvel/characters/machine-man-reading-order/index.html]
[comicbookreadingorders.com/marvel/characters/maestro-reading-order/index.html]
[comicbookreadingorders.com/marvel/characters/magik-reading-order/index.html]
[comicbookreadingorders.com/marvel/characters/magneto-reading-order/index.html]
[comicbookreadingorders.com/marvel/characters/malekith-reading-order/index.html]
[comicbookreadingorders.com/marvel/characters/man-thing-reading-order/index.html]
[comicbookreadingorders.com/marvel/characters/the-mandarin-reading-order/index.html]
[comicbookreadingorders.com/marvel/characters/miles-morales-reading-order/index.html]
[comicbookreadingorders.com/marvel/characters/mister-sinister-reading-order/index.html]
[comicbookreadingorders.com/marvel/characters/mockingbird-reading-order/index.html]
[comicbookreadingorders.com/marvel/characters/moon-knight-reading-order/index.html]
[comicbookreadingorders.com/marvel/characters/moonstone-reading-order/index.html]
[comicbookreadingorders.com/marvel/characters/morbius-reading-order/index.html]
[comicbookreadingorders.com/marvel/characters/mysterio-reading-order/index.html]
[comicbookreadingorders.com/marvel/characters/namor-reading-order/index.html]
[comicbookreadingorders.com/marvel/characters/new-mutants-reading-order/index.html]
[comicbookreadingorders.com/marvel/characters/nick-fury-reading-order/index.html]
[comicbookreadingorders.com/marvel/characters/nightcrawler-reading-order/index.html]
[comicbookreadingorders.com/marvel/characters/nova-reading-order/index.html]
[comicbookreadingorders.com/marvel/characters/pete-wisdom-reading-order/index.html]
[comicbookreadingorders.com/marvel/characters/power-pack-reading-order/index.html]
[comicbookreadingorders.com/marvel/characters/psylocke-reading-order/index.html]
[comicbookreadingorders.com/marvel/characters/punisher-reading-order/index.html]
[comicbookreadingorders.com/marvel/characters/quicksilver-reading-order/index.html]
[comicbookreadingorders.com/marvel/characters/red-hulk-reading-order/index.html]
[comicbookreadingorders.com/marvel/characters/red-skull-reading-order/index.html]
[comicbookreadingorders.com/marvel/characters/rogue-reading-order/index.html]
[comicbookreadingorders.com/marvel/characters/ronan-the-accuser-reading-order/index.html]
[comicbookreadingorders.com/marvel/characters/runaways-reading-order/index.html]
[comicbookreadingorders.com/marvel/characters/sabretooth-reading-order/index.html]
[comicbookreadingorders.com/marvel/characters/sam-wilson-reading-order/index.html]
[comicbookreadingorders.com/marvel/characters/scarlet-witch-reading-order/index.html]
[comicbookreadingorders.com/marvel/characters/scorpion-reading-order/index.html]
[comicbookreadingorders.com/marvel/characters/scott-lang-reading-order/index.html]
[comicbookreadingorders.com/marvel/characters/the-sentry-reading-order/index.html]
[comicbookreadingorders.com/marvel/characters/shang-chi-reading-order/index.html]
[comicbookreadingorders.com/marvel/characters/she-hulk-reading-order/index.html]
[comicbookreadingorders.com/marvel/characters/silk-reading-order/index.html]
[comicbookreadingorders.com/marvel/characters/silver-surfer-reading-order/index.html]
[comicbookreadingorders.com/marvel/characters/spider-gwen-reading-order/index.html]
[comicbookreadingorders.com/marvel/characters/spider-man-reading-order/index.html]
[comicbookreadingorders.com/marvel/characters/spider-woman-reading-order/index.html]
[comicbookreadingorders.com/marvel/characters/squirrel-girl-reading-order/index.html]
[comicbookreadingorders.com/marvel/characters/symbiotes-reading-order/index.html]
[comicbookreadingorders.com/marvel/characters/taskmaster-reading-order/index.html]
[comicbookreadingorders.com/marvel/characters/thanos-reading-order/index.html]
[comicbookreadingorders.com/marvel/characters/thor-reading-order/index.html]
[comicbookreadingorders.com/marvel/characters/thunderbolts-reading-order/index.html]
[comicbookreadingorders.com/marvel/characters/tigra-reading-order/index.html]
[comicbookreadingorders.com/marvel/characters/ultron-reading-order/index.html]
[comicbookreadingorders.com/marvel/characters/venom-reading-order/index.html]
[comicbookreadingorders.com/marvel/characters/vision-reading-order/index.html]
[comicbookreadingorders.com/marvel/characters/war-machine-reading-order/index.html]
[comicbookreadingorders.com/marvel/characters/winter-soldier-reading-order/index.html]
[comicbookreadingorders.com/marvel/characters/wolverine-reading-order/index.html]
[comicbookreadingorders.com/marvel/characters/wonder-man-reading-order/index.html]
[comicbookreadingorders.com/marvel/characters/x-23-reading-order/index.html]
[comicbookreadingorders.com/marvel/characters/x-factor-reading-order/index.html]
[comicbookreadingorders.com/marvel/characters/x-force-reading-order/index.html]
[comicbookreadingorders.com/marvel/characters/x-men-reading-order/index.html]
[comicbookreadingorders.com/marvel/characters/young-avengers-reading-order/index.html]
[comicbookreadingorders.com/marvel/characters/young-marvel-heroes-reading-order/index.html]
[comicbookreadingorders.com/marvel/marvel-master-reading-order-part-1/index.html]
[comicbookreadingorders.com/marvel/marvel-master-reading-order-part-2/index.html]
[comicbookreadingorders.com/marvel/marvel-master-reading-order-part-3/index.html]
[comicbookreadingorders.com/marvel/marvel-master-reading-order-part-4/index.html]
[comicbookreadingorders.com/marvel/marvel-master-reading-order-part-5/index.html]
[comicbookreadingorders.com/marvel/marvel-master-reading-order-part-6/index.html]
[comicbookreadingorders.com/marvel/marvel-master-reading-order-part-8/index.html]
[comicbookreadingorders.com/marvel/marvel-master-reading-order-part-9/index.html]
[comicbookreadingorders.com/marvel/marvel-master-reading-order-part-10/index.html]
[comicbookreadingorders.com/marvel/marvel-master-reading-order-part-11/index.html]
[comicbookreadingorders.com/marvel/marvel-master-reading-order-part-12/index.html]
[comicbookreadingorders.com/marvel/marvel-master-reading-order-part-13/index.html]
[comicbookreadingorders.com/marvel/marvel-master-reading-order-part-14/index.html]
[comicbookreadingorders.com/marvel/marvel-master-reading-order-part-15/index.html]
[comicbookreadingorders.com/marvel/characters/green-goblin-and-hobgoblin-reading-order/index.html]
[comicbookreadingorders.com/marvel/characters/vision-and-scarlet-witch-reading-order/index.html]
[comicbookreadingorders.com/marvel/characters/luke-cage-and-iron-fist-reading-order/index.html]
[comicbookreadingorders.com/dc/dc-master-reading-order-part-2/index.html]
[comicbookreadingorders.com/dc/dc-master-reading-order-part-6/index.html]
[comicbookreadingorders.com/dc/events/new-52-reading-order/index.html]
[comicbookreadingorders.com/dc/dc-rebirth-reading-order/index.html]
[comicbookreadingorders.com/dc/events/crisis-on-infinite-earths-reading-order/index.html]
[comicbookreadingorders.com/dc/events/zero-hour-reading-order/index.html]
[comicbookreadingorders.com/dc/events/infinite-crisis-reading-order/index.html]
[comicbookreadingorders.com/dc/events/final-crisis-reading-order/index.html]
[comicbookreadingorders.com/dc/events/flashpoint-reading-order/index.html]
[comicbookreadingorders.com/dc/events/convergence-reading-order/index.html]
[comicbookreadingorders.com/dc/event-timeline/index.html]
[comicbookreadingorders.com/dc/events/absolute-power-reading-order/index.html]
[comicbookreadingorders.com/dc/events/absolute-universe-reading-order/index.html]
[comicbookreadingorders.com/dc/events/amazons-attack-reading-order/index.html]
[comicbookreadingorders.com/dc/events/aquaman-death-of-a-prince-reading-order/index.html]
[comicbookreadingorders.com/dc/events/armageddon-2001-reading-order/index.html]
[comicbookreadingorders.com/dc/events/batman-a-lonely-place-of-dying-reading-order/index.html]
[comicbookreadingorders.com/dc/events/batman-cataclysm-reading-order/index.html]
[comicbookreadingorders.com/dc/events/batman-contagion-reading-order/index.html]
[comicbookreadingorders.com/dc/events/batman-endgame-reading-order/index.html]
[comicbookreadingorders.com/dc/events/batman-face-the-face-reading-order/index.html]
[comicbookreadingorders.com/dc/events/batman-judgment-on-gotham-reading-order/index.html]
[comicbookreadingorders.com/dc/events/batman-legacy-reading-order/index.html]
[comicbookreadingorders.com/dc/events/batman-no-mans-land-reading-order/index.html]
[comicbookreadingorders.com/dc/events/batman-officer-down-reading-order/index.html]
[comicbookreadingorders.com/dc/events/batman-prodigal-reading-order/index.html]
[comicbookreadingorders.com/dc/events/batman-requiem-reading-order/index.html]
[comicbookreadingorders.com/dc/events/batman-troika-reading-order/index.html]
[comicbookreadingorders.com/dc/events/batman-war-crimes-reading-order/index.html]
[comicbookreadingorders.com/dc/events/batman-war-games-reading-order/index.html]
[comicbookreadingorders.com/dc/events/batman-zero-year-reading-order/index.html]
[comicbookreadingorders.com/dc/events/battle-for-the-cowl-reading-order/index.html]
[comicbookreadingorders.com/dc/events/behold-the-millennium-giants-reading-order/index.html]
[comicbookreadingorders.com/dc/events/the-black-diamond-probability-reading-order/index.html]
[comicbookreadingorders.com/dc/events/blackest-night-reading-order/index.html]
[comicbookreadingorders.com/dc/events/bloodlines-reading-order/index.html]
[comicbookreadingorders.com/dc/events/brightest-day-reading-order/index.html]
[comicbookreadingorders.com/dc/events/brotherhood-of-the-fist-reading-order/index.html]
[comicbookreadingorders.com/dc/events/bruce-wayne-fugitive-reading-order/index.html]
[comicbookreadingorders.com/dc/events/bruce-wayne-murderer-reading-order/index.html]
[comicbookreadingorders.com/dc/events/city-of-bane-reading-order/index.html]
[comicbookreadingorders.com/dc/events/countdown-to-infinite-crisis-reading-order/index.html]
[comicbookreadingorders.com/dc/events/the-culling-reading-order/index.html]
[comicbookreadingorders.com/dc/events/dark-crisis-on-infinite-earths-reading-order/index.html]
[comicbookreadingorders.com/dc/events/dark-nights-death-metal-reading-order/index.html]
[comicbookreadingorders.com/dc/events/dark-nights-metal-reading-order/index.html]
[comicbookreadingorders.com/dc/events/darkseid-war-reading-order/index.html]
[comicbookreadingorders.com/dc/dawn-of-dc-reading-order/index.html]
[comicbookreadingorders.com/dc/events/day-of-judgment-reading-order/index.html]
[comicbookreadingorders.com/dc/events/dc-k-o-reading-order/index.html]
[comicbookreadingorders.com/dc/events/dc-one-million-reading-order/index.html]
[comicbookreadingorders.com/dc/events/dc-universe-trinity-reading-order/index.html]
[comicbookreadingorders.com/dc/events/dc-you-reading-order/index.html]
[comicbookreadingorders.com/dc/events/dceased-reading-order/index.html]
[comicbookreadingorders.com/dc/events/death-of-superman-reading-order/index.html]
[comicbookreadingorders.com/dc/events/death-of-the-family-reading-order/index.html]
[comicbookreadingorders.com/dc/events/drowned-earth-reading-order/index.html]
[comicbookreadingorders.com/dc/events/eclipso-the-darkness-within-reading-order/index.html]
[comicbookreadingorders.com/dc/events/endless-winter-reading-order/index.html]
[comicbookreadingorders.com/dc/events/event-leviathan-reading-order/index.html]
[comicbookreadingorders.com/dc/events/fear-state-reading-order/index.html]
[comicbookreadingorders.com/dc/events/final-days-of-superman-reading-order/index.html]
[comicbookreadingorders.com/dc/events/final-night-reading-order/index.html]
[comicbookreadingorders.com/dc/events/flash-dead-heat-reading-order/index.html]
[comicbookreadingorders.com/dc/events/forever-evil-reading-order/index.html]
[comicbookreadingorders.com/dc/events/forever-evil-blight-reading-order/index.html]
[comicbookreadingorders.com/dc/events/funeral-for-a-friend-reading-order/index.html]
[comicbookreadingorders.com/dc/events/future-state-reading-order/index.html]
[comicbookreadingorders.com/dc/events/genesis-reading-order/index.html]
[comicbookreadingorders.com/dc/events/gotham-war-reading-order/index.html]
[comicbookreadingorders.com/dc/events/gothtopia-reading-order/index.html]
[comicbookreadingorders.com/dc/events/grant-morrisons-batman-reading-order/index.html]
[comicbookreadingorders.com/dc/events/green-lantern-godhead-reading-order/index.html]
[comicbookreadingorders.com/dc/events/green-lantern-lights-out-reading-order/index.html]
[comicbookreadingorders.com/dc/events/green-lantern-uprising-reading-order/index.html]
[comicbookreadingorders.com/dc/events/heroes-in-crisis-reading-order/index.html]
[comicbookreadingorders.com/dc/events/identity-crisis-reading-order/index.html]
[comicbookreadingorders.com/dc/events/the-infected-reading-order/index.html]
[comicbookreadingorders.com/dc/infinite-frontier-reading-order/index.html]
[comicbookreadingorders.com/dc/events/injustice-reading-order/index.html]
[comicbookreadingorders.com/dc/events/invasion-reading-order/index.html]
[comicbookreadingorders.com/dc/events/jack-kirbys-fourth-world-reading-order/index.html]
[comicbookreadingorders.com/dc/events/janus-directive-reading-order/index.html]
[comicbookreadingorders.com/dc/events/jokers-last-laugh-reading-order/index.html]
[comicbookreadingorders.com/dc/events/joker-war-reading-order/index.html]
[comicbookreadingorders.com/dc/events/jsa-black-reign-reading-order/index.html]
[comicbookreadingorders.com/dc/events/justice-league-breakdowns-reading-order/index.html]
[comicbookreadingorders.com/dc/events/justice-league-vs-suicide-squad-reading-order/index.html]
[comicbookreadingorders.com/dc/events/the-justice-society-returns-reading-order/index.html]
[comicbookreadingorders.com/dc/events/knight-terrors-reading-order/index.html]
[comicbookreadingorders.com/dc/events/knightfall-saga-reading-order/index.html]
[comicbookreadingorders.com/dc/events/krypton-returns-reading-order/index.html]
[comicbookreadingorders.com/dc/events/lazarus-contract-reading-order/index.html]
[comicbookreadingorders.com/dc/events/lazarus-planet-reading-order/index.html]
[comicbookreadingorders.com/dc/events/legends-reading-order/index.html]
[comicbookreadingorders.com/dc/events/lightning-saga-reading-order/index.html]
[comicbookreadingorders.com/dc/events/millennium-reading-order/index.html]
[comicbookreadingorders.com/dc/events/multiversity-reading-order/index.html]
[comicbookreadingorders.com/dc/events/new-52-futures-end-reading-order/index.html]
[comicbookreadingorders.com/dc/events/night-of-the-monster-men-reading-order/index.html]
[comicbookreadingorders.com/dc/events/night-of-the-owls-reading-order/index.html]
[comicbookreadingorders.com/dc/events/our-worlds-at-war-reading-order/index.html]
[comicbookreadingorders.com/dc/events/panic-in-the-sky-reading-order/index.html]
[comicbookreadingorders.com/dc/events/red-daughter-of-krypton-reading-order/index.html]
[comicbookreadingorders.com/dc/events/reign-of-doomsday-reading-order/index.html]
[comicbookreadingorders.com/dc/events/reign-of-the-supermen-reading-order/index.html]
[comicbookreadingorders.com/dc/events/the-resurrection-of-ras-al-ghul-reading-order/index.html]
[comicbookreadingorders.com/dc/events/rise-of-the-third-army-reading-order/index.html]
[comicbookreadingorders.com/dc/events/robin-rises-reading-order/index.html]
[comicbookreadingorders.com/dc/events/robin-war-reading-order/index.html]
[comicbookreadingorders.com/dc/events/rotworld-reading-order/index.html]
[comicbookreadingorders.com/dc/events/shadow-war-reading-order/index.html]
[comicbookreadingorders.com/dc/events/sinestro-corps-war-reading-order/index.html]
[comicbookreadingorders.com/dc/events/superman-doomed-reading-order/index.html]
[comicbookreadingorders.com/dc/events/superman-emperor-joker-reading-order/index.html]
[comicbookreadingorders.com/dc/events/superman-exile-reading-order/index.html]
[comicbookreadingorders.com/dc/events/superman-hel-on-earth-reading-order/index.html]
[comicbookreadingorders.com/dc/events/superman-house-of-brainiac-reading-order/index.html]
[comicbookreadingorders.com/dc/events/superman-new-krypton-reading-order/index.html]
[comicbookreadingorders.com/dc/events/superman-reborn-reading-order/index.html]
[comicbookreadingorders.com/dc/events/superman-savage-dawn-reading-order/index.html]
[comicbookreadingorders.com/dc/events/superman-up-up-and-away-reading-order/index.html]
[comicbookreadingorders.com/dc/events/throne-of-atlantis-reading-order/index.html]
[comicbookreadingorders.com/dc/events/titans-beast-world-reading-order/index.html]
[comicbookreadingorders.com/dc/events/trial-superman-reading-order/index.html]
[comicbookreadingorders.com/dc/events/trial-of-the-amazons-reading-order/index.html]
[comicbookreadingorders.com/dc/events/trinity-war-reading-order/index.html]
[comicbookreadingorders.com/dc/events/underworld-unleashed-reading-order/index.html]
[comicbookreadingorders.com/dc/events/war-of-the-gods-reading-order/index.html]
[comicbookreadingorders.com/dc/events/war-of-the-green-lanterns-reading-order/index.html]
[comicbookreadingorders.com/dc/events/world-without-young-justice-reading-order/index.html]
[comicbookreadingorders.com/dc/events/worlds-collide-reading-order/index.html]
[comicbookreadingorders.com/dc/events/wrath-of-the-first-lantern-reading-order/index.html]
[comicbookreadingorders.com/dc/events/zatannas-search-reading-order/index.html]
[comicbookreadingorders.com/dc/characters/animal-man-reading-order/index.html]
[comicbookreadingorders.com/dc/characters/aquaman-reading-order/index.html]
[comicbookreadingorders.com/dc/characters/the-atom-reading-order/index.html]
[comicbookreadingorders.com/dc/characters/azrael-reading-order/index.html]
[comicbookreadingorders.com/dc/characters/bane-reading-order/index.html]
[comicbookreadingorders.com/dc/characters/barbara-gordon-reading-order/index.html]
[comicbookreadingorders.com/dc/characters/batman-reading-order/index.html]
[comicbookreadingorders.com/dc/characters/batman-beyond-reading-order/index.html]
[comicbookreadingorders.com/dc/characters/batman-villains-reading-order/index.html]
[comicbookreadingorders.com/dc/characters/batwoman-reading-order/index.html]
[comicbookreadingorders.com/dc/characters/big-barda-reading-order/index.html]
[comicbookreadingorders.com/dc/characters/bizarro-reading-order/index.html]
[comicbookreadingorders.com/dc/characters/black-adam-reading-order/index.html]
[comicbookreadingorders.com/dc/characters/black-canary-reading-order/index.html]
[comicbookreadingorders.com/dc/characters/black-lightning-reading-order/index.html]
[comicbookreadingorders.com/dc/characters/black-manta-reading-order/index.html]
[comicbookreadingorders.com/dc/characters/blue-beetle-and-booster-gold-reading-order/index.html]
[comicbookreadingorders.com/dc/characters/brainiac-reading-order/index.html]
[comicbookreadingorders.com/dc/characters/captain-cold-reading-order/index.html]
[comicbookreadingorders.com/dc/characters/cassandra-cain-reading-order/index.html]
[comicbookreadingorders.com/dc/characters/catwoman-reading-order/index.html]
[comicbookreadingorders.com/dc/characters/cheetah-reading-order/index.html]
[comicbookreadingorders.com/dc/characters/clayface-reading-order/index.html]
[comicbookreadingorders.com/dc/characters/the-creeper-reading-order/index.html]
[comicbookreadingorders.com/dc/characters/cyborg-reading-order/index.html]
[comicbookreadingorders.com/dc/characters/cyborg-superman-reading-order/index.html]
[comicbookreadingorders.com/dc/characters/damian-wayne-reading-order/index.html]
[comicbookreadingorders.com/dc/characters/deadman-reading-order/index.html]
[comicbookreadingorders.com/dc/characters/deathstroke-reading-order/index.html]
[comicbookreadingorders.com/dc/characters/dick-grayson-reading-order/index.html]
[comicbookreadingorders.com/dc/characters/doctor-fate-reading-order/index.html]
[comicbookreadingorders.com/dc/characters/doom-patrol-reading-order/index.html]
[comicbookreadingorders.com/dc/characters/duke-thomas-reading-order/index.html]
[comicbookreadingorders.com/dc/characters/elongated-man-reading-order/index.html]
[comicbookreadingorders.com/dc/characters/etrigan-the-demon-reading-order/index.html]
[comicbookreadingorders.com/dc/characters/firestorm-reading-order/index.html]
[comicbookreadingorders.com/dc/characters/the-flash-reading-order/index.html]
[comicbookreadingorders.com/dc/characters/green-arrow-reading-order/index.html]
[comicbookreadingorders.com/dc/characters/green-lantern-reading-order/index.html]
[comicbookreadingorders.com/dc/characters/guy-gardner-reading-order/index.html]
[comicbookreadingorders.com/dc/characters/harley-quinn-reading-order/index.html]
[comicbookreadingorders.com/dc/characters/hawkman-and-hawkgirl-reading-order/index.html]
[comicbookreadingorders.com/dc/characters/jason-todd-reading-order/index.html]
[comicbookreadingorders.com/dc/characters/jim-gordon-reading-order/index.html]
[comicbookreadingorders.com/dc/characters/jimmy-olsen-reading-order/index.html]
[comicbookreadingorders.com/dc/characters/john-constantine-reading-order/index.html]
[comicbookreadingorders.com/dc/characters/joker-reading-order/index.html]
[comicbookreadingorders.com/dc/characters/justice-league-reading-order/index.html]
[comicbookreadingorders.com/dc/characters/justice-league-dark-reading-order/index.html]
[comicbookreadingorders.com/dc/characters/justice-society-reading-order/index.html]
[comicbookreadingorders.com/dc/characters/killer-croc-reading-order/index.html]
[comicbookreadingorders.com/dc/characters/king-shark-reading-order/index.html]
[comicbookreadingorders.com/dc/characters/krypto-reading-order/index.html]
[comicbookreadingorders.com/dc/characters/larfleeze-reading-order/index.html]
[comicbookreadingorders.com/dc/characters/legion-of-super-heroes-reading-order/index.html]
[comicbookreadingorders.com/dc/characters/lex-luthor-reading-order/index.html]
[comicbookreadingorders.com/dc/characters/lobo-reading-order/index.html]
[comicbookreadingorders.com/dc/characters/lois-lane-reading-order/index.html]
[comicbookreadingorders.com/dc/characters/martian-manhunter-reading-order/index.html]
[comicbookreadingorders.com/dc/characters/mary-marvel-reading-order/index.html]
[comicbookreadingorders.com/dc/characters/metal-men-reading-order/index.html]
[comicbookreadingorders.com/dc/characters/metallo-reading-order/index.html]
[comicbookreadingorders.com/dc/characters/metamorpho-reading-order/index.html]
[comicbookreadingorders.com/dc/characters/mister-freeze-reading-order/index.html]
[comicbookreadingorders.com/dc/characters/mister-mxyzptlk-reading-order/index.html]
[comicbookreadingorders.com/dc/characters/new-gods-reading-order/index.html]
[comicbookreadingorders.com/dc/characters/ocean-master-reading-order/index.html]
[comicbookreadingorders.com/dc/characters/parasite-reading-order/index.html]
[comicbookreadingorders.com/dc/characters/peacemaker-reading-order/index.html]
[comicbookreadingorders.com/dc/characters/penguin-reading-order/index.html]
[comicbookreadingorders.com/dc/characters/phantom-stranger-reading-order/index.html]
[comicbookreadingorders.com/dc/characters/phantom-zone-reading-order/index.html]
[comicbookreadingorders.com/dc/characters/plastic-man-reading-order/index.html]
[comicbookreadingorders.com/dc/characters/poison-ivy-reading-order/index.html]
[comicbookreadingorders.com/dc/characters/power-girl-reading-order/index.html]
[comicbookreadingorders.com/dc/characters/the-question-reading-order/index.html]
[comicbookreadingorders.com/dc/characters/ras-al-ghul-reading-order/index.html]
[comicbookreadingorders.com/dc/characters/ragman-reading-order/index.html]
[comicbookreadingorders.com/dc/characters/renee-montoya-reading-order/index.html]
[comicbookreadingorders.com/dc/characters/reverse-flash-reading-order/index.html]
[comicbookreadingorders.com/dc/characters/the-riddler-reading-order/index.html]
[comicbookreadingorders.com/dc/characters/the-rogues-reading-order/index.html]
[comicbookreadingorders.com/dc/characters/scarecrow-reading-order/index.html]
[comicbookreadingorders.com/dc/characters/shazam-captain-marvel-reading-order/index.html]
[comicbookreadingorders.com/dc/characters/sinestro-reading-order/index.html]
[comicbookreadingorders.com/dc/characters/the-spectre-reading-order/index.html]
[comicbookreadingorders.com/dc/characters/solomon-grundy-reading-order/index.html]
[comicbookreadingorders.com/dc/characters/stargirl-reading-order/index.html]
[comicbookreadingorders.com/dc/characters/stephanie-brown-reading-order/index.html]
[comicbookreadingorders.com/dc/characters/suicide-squad-reading-order/index.html]
[comicbookreadingorders.com/dc/characters/superboy-reading-order/index.html]
[comicbookreadingorders.com/dc/characters/supergirl-reading-order/index.html]
[comicbookreadingorders.com/dc/characters/superman-reading-order/index.html]
[comicbookreadingorders.com/dc/characters/swamp-thing-reading-order/index.html]
[comicbookreadingorders.com/dc/characters/teen-titans-reading-order/index.html]
[comicbookreadingorders.com/dc/characters/tim-drake-reading-order/index.html]
[comicbookreadingorders.com/dc/characters/the-titans-reading-order/index.html]
[comicbookreadingorders.com/dc/characters/two-face-reading-order/index.html]
[comicbookreadingorders.com/dc/characters/wally-west-reading-order/index.html]
[comicbookreadingorders.com/dc/characters/wonder-woman-reading-order/index.html]
[comicbookreadingorders.com/dc/characters/zatanna-reading-order/index.html]
[comicbookreadingorders.com/dc/dc-master-reading-order-part-1/index.html]
[comicbookreadingorders.com/dc/dc-master-reading-order-part-3/index.html]
[comicbookreadingorders.com/dc/dc-master-reading-order-part-4/index.html]
[comicbookreadingorders.com/dc/dc-master-reading-order-part-7/index.html]
[comicbookreadingorders.com/dc/dc-master-reading-order-part-8/index.html]
[comicbookreadingorders.com/dc/dc-all-in-reading-order/index.html]
[comicbookreadingorders.com/other/the-boys-reading-order/index.html]
[comicbookreadingorders.com/other/buffyverse-reading-order/index.html]
[comicbookreadingorders.com/other/doctor-who-idw-reading-order/index.html]
[comicbookreadingorders.com/other/doctor-who-titan-comics-reading-order/index.html]
[comicbookreadingorders.com/other/fables-reading-order/index.html]
[comicbookreadingorders.com/other/gi-joe-marvel-reading-order/index.html]
[comicbookreadingorders.com/other/hellboy-mignolaverse-reading-order/index.html]
[comicbookreadingorders.com/other/invincible-reading-order/index.html]
[comicbookreadingorders.com/other/irredeemable-incorruptible-reading-order/index.html]
[comicbookreadingorders.com/other/john-carter-dynamite-reading-order/index.html]
[comicbookreadingorders.com/other/judge-dredd-2000-ad-reading-order/index.html]
[comicbookreadingorders.com/other/the-massive-verse-reading-order/index.html]
[comicbookreadingorders.com/other/planetary-reading-order/index.html]
[comicbookreadingorders.com/other/prophet-reading-order/index.html]
[comicbookreadingorders.com/other/spawn-reading-order/index.html]
[comicbookreadingorders.com/other/star-wars-dark-horse-reading-order/index.html]
[comicbookreadingorders.com/other/star-wars-marvel-reading-order/index.html]
[comicbookreadingorders.com/other/teenage-mutant-ninja-turtles-idw-reading-order/index.html]
[comicbookreadingorders.com/other/watchmen-reading-order/index.html]
[comicbookreadingorders.com/other/conan-reading-list/index.html]
[comicbookreadingorders.com/other/godzilla-reading-list/index.html]
[comicbookreadingorders.com/other/teenage-mutant-ninja-turtles-reading-list/index.html]
[comicbookreadingorders.com/other/brian-michael-bendis-reading-list/index.html]
[comicbookreadingorders.com/other/ed-brubaker-reading-list/index.html]
[comicbookreadingorders.com/other/garth-ennis-reading-list/index.html]
[comicbookreadingorders.com/other/alan-moore-reading-list/index.html]
[comicbookreadingorders.com/other/brian-k-vaughan-reading-list/index.html]
[comicbookreadingorders.com/other/action-reading-list/index.html]
[comicbookreadingorders.com/other/crime-reading-list/index.html]
[comicbookreadingorders.com/other/drama-reading-list/index.html]
[comicbookreadingorders.com/other/science-fiction-reading-list/index.html]
[comicbookreadingorders.com/other/zombie-reading-list/index.html]
[comicbookreadingorders.com/other/valiant-universe-reading-order/index.html]
[comicbookreadingorders.com/other/harbinger-wars-reading-order/index.html]
[comicbookreadingorders.com/other/to-kill-a-king-reading-order/index.html]
[comicbookreadingorders.com/other/armor-hunters-reading-order/index.html]
[comicbookreadingorders.com/other/4001-ad-reading-order/index.html]
[comicbookreadingorders.com/other/gi-joe-idw-reading-order/index.html]
[comicbookreadingorders.com/other/transformers-idw-reading-order/index.html]
[comicbookreadingorders.com/other/revolution-idw-reading-order/index.html]
[comicbookreadingorders.com/dc/new-52-reading-order-part-1/index.html]
[comicbookreadingorders.com/dc/dc-rebirth-reading-order-part-1/index.html]
[comicbookreadingorders.com/dc/dc-rebirth-reading-order-part-2/index.html]
[comicbookreadingorders.com/dc/dc-rebirth-reading-order-part-3/index.html]
[comicbookreadingorders.com/marvel/marvel-now-reading-order-part-1/index.html]
[comicbookreadingorders.com/marvel/marvel-now-reading-order-part-2/index.html]
[comicbookreadingorders.com/dc/new-52-reading-order-part-3/index.html]
[comicbookreadingorders.com/dc/new-52-reading-order-part-2/index.html]
[comicbookreadingorders.com/marvel/all-new-all-different-marvel-reading-order-part-1/index.html]
[comicbookreadingorders.com/marvel/all-new-all-different-marvel-reading-order-part-2/index.html]
[comicbookreadingorders.com/other/drama-reading-order/index.html]
[comicbookreadingorders.com/wp-content/plugins/patron-plugin-pro/plugin/lib/patron-button-and-widgets-by-codebard/plugin/templates/default/style03db.css]
[comicbookreadingorders.com/wp-content/plugins/patron-plugin-pro/plugin/lib/patreon-connect/assets/js/app03db.js]
[comicbookreadingorders.com/wp-includes/js/comment-reply.min03db.js]
[comicbookreadingorders.com/patreon-flow/index2527.html]
[comicbookreadingorders.com/patreon-flow/index9d98.html]
[comicbookreadingorders.com/marvel/events/one-more-day-reading-order/index.html]
[comicbookreadingorders.com/marvel/events/one-world-under-doom-reading-order/index.html]
[comicbookreadingorders.com/patreon-flow/index53f3.html]
[comicbookreadingorders.com/patreon-flow/indexa9eb.html]
[comicbookreadingorders.com/patreon-flow/index0ca6.html]
[comicbookreadingorders.com/patreon-flow/indexde32.html]
[comicbookreadingorders.com/patreon-flow/index8efc.html]
[comicbookreadingorders.com/patreon-flow/index72c0.html]
[comicbookreadingorders.com/wp-content/uploads/mu2.svg]
[comicbookreadingorders.com/patreon-flow/index32eb.html]
[comicbookreadingorders.com/patreon-flow/indexe73b.html]
[comicbookreadingorders.com/patreon-flow/index05dd.html]
[comicbookreadingorders.com/patreon-flow/index38c0.html]
[comicbookreadingorders.com/patreon-flow/index4e43.html]
[comicbookreadingorders.com/patreon-flow/indexf5d4.html]
[comicbookreadingorders.com/patreon-flow/index0d4f.html]
[comicbookreadingorders.com/patreon-flow/index645f.html]
[comicbookreadingorders.com/patreon-flow/indexeecd.html]
[comicbookreadingorders.com/patreon-flow/indexa553.html]
[comicbookreadingorders.com/patreon-flow/indexfad4.html]
[comicbookreadingorders.com/patreon-flow/index4f2d.html]
[comicbookreadingorders.com/patreon-flow/index860f.html]
[comicbookreadingorders.com/patreon-flow/indexaf8e.html]
[comicbookreadingorders.com/patreon-flow/indexc61a.html]
[comicbookreadingorders.com/patreon-flow/index9232.html]
[comicbookreadingorders.com/patreon-flow/indexab58.html]
[comicbookreadingorders.com/patreon-flow/indexc9f4.html]
[comicbookreadingorders.com/patreon-flow/index7ffb.html]
[comicbookreadingorders.com/patreon-flow/indexcc55.html]
[comicbookreadingorders.com/patreon-flow/index3c17.html]
[comicbookreadingorders.com/patreon-flow/index1860.html]
[comicbookreadingorders.com/patreon-flow/indexcfb4.html]
[comicbookreadingorders.com/patreon-flow/index3c5d.html]
[comicbookreadingorders.com/patreon-flow/indexdaff.html]
[comicbookreadingorders.com/patreon-flow/index0a21.html]
[comicbookreadingorders.com/patreon-flow/index2acc.html]
[comicbookreadingorders.com/patreon-flow/indexdbf9.html]
[comicbookreadingorders.com/patreon-flow/index86b5.html]
[comicbookreadingorders.com/patreon-flow/indexe3a3.html]
[comicbookreadingorders.com/patreon-flow/index8aa2.html]
[comicbookreadingorders.com/patreon-flow/indexe0a5.html]
[comicbookreadingorders.com/patreon-flow/index3afe.html]
[comicbookreadingorders.com/patreon-flow/index9db9.html]
[comicbookreadingorders.com/patreon-flow/indexefe1.html]
[comicbookreadingorders.com/patreon-flow/indexdcf0.html]
[comicbookreadingorders.com/dc/dc-master-reading-order-part-5]
[comicbookreadingorders.com/patreon-flow/indexc7b0.html]
[comicbookreadingorders.com/patreon-flow/index5e52.html]
[comicbookreadingorders.com/patreon-flow/indexffe7.html]
[comicbookreadingorders.com/patreon-flow/indexb73a.html]
[comicbookreadingorders.com/patreon-flow/indexe7bb.html]
[comicbookreadingorders.com/patreon-flow/index13f0.html]
[comicbookreadingorders.com/patreon-flow/index2538.html]
[comicbookreadingorders.com/patreon-flow/index09c5.html]
